// Jest Snapshot v1, https://goo.gl/fbAQLP

exports[`Component Case: Must match snapshot: 1`] = `
<div
  className="Case"
>
  <Header />
  <div>
    Title 97572
  </div>
  <div>
    Stolen Mon, Mar 25, 2019 9:38 PM at Address 97572
  </div>
  <div
    className="Map"
  >
    <Map
      center={
        Object {
          "lat": 43.6334557,
          "lng": -116.1960257,
        }
      }
    />
  </div>
  <h2>
    DESCRIPTION OF INCIDENT
  </h2>
  <div>
    Description 97572
  </div>
</div>
`;
