// Jest Snapshot v1, https://goo.gl/fbAQLP

exports[`<IndientList /> spec renders the component 1`] = `
Object {
  "asFragment": [Function],
  "baseElement": <body>
    <div>
      <div
        class="sc-gzVnrw ibZhkv"
      >
        <div
          class="sc-bwzfXH lllKwU"
        >
          <img
            class="sc-bxivhb cjcVPO sc-bdVaJa UoSJW"
            src="https://files.bikeindex.org/uploads/Pu/153579/small_WhatsApp_Image_2019-04-25_at_14.01.49.jpeg"
          />
          <div
            class="sc-htpNat RXLuA"
          >
            <span
              class="sc-ifAKCX hLRNDM"
              size="15"
            >
              Stolen 2016 Cube Analog(blue)
            </span>
            <span
              class="sc-ifAKCX iYgfXy"
            >
              There were the 2 bikes I owned parked adjacent to each other and with 1 cable lock I locked the 2 bikes together and with another cable lock I locked the bike ,which was stolen, to the bike parking station bar in the courtyard of my apartment. I came back home at about 12:30 pm on 25.04.2019 and checked the bikes and found out the incident. The thief(s) cut off the cable locks and took only 1 of the bikes and left the 2nd bike.
            </span>
            <span
              class="sc-ifAKCX iYgfXy"
            >
              <svg
                aria-hidden="true"
                class="svg-inline--fa fa-map-marked-alt fa-w-18 sc-bZQynM bOrPFB"
                data-icon="map-marked-alt"
                data-prefix="fas"
                focusable="false"
                role="img"
                viewBox="0 0 576 512"
                xmlns="http://www.w3.org/2000/svg"
              >
                <path
                  d="M288 0c-69.59 0-126 56.41-126 126 0 56.26 82.35 158.8 113.9 196.02 6.39 7.54 17.82 7.54 24.2 0C331.65 284.8 414 182.26 414 126 414 56.41 357.59 0 288 0zm0 168c-23.2 0-42-18.8-42-42s18.8-42 42-42 42 18.8 42 42-18.8 42-42 42zM20.12 215.95A32.006 32.006 0 0 0 0 245.66v250.32c0 11.32 11.43 19.06 21.94 14.86L160 448V214.92c-8.84-15.98-16.07-31.54-21.25-46.42L20.12 215.95zM288 359.67c-14.07 0-27.38-6.18-36.51-16.96-19.66-23.2-40.57-49.62-59.49-76.72v182l192 64V266c-18.92 27.09-39.82 53.52-59.49 76.72-9.13 10.77-22.44 16.95-36.51 16.95zm266.06-198.51L416 224v288l139.88-55.95A31.996 31.996 0 0 0 576 426.34V176.02c0-11.32-11.43-19.06-21.94-14.86z"
                  fill="currentColor"
                />
              </svg>
               Address: 
              Berlin, 10827, DE
            </span>
            <span
              class="sc-ifAKCX iYgfXy"
            >
              <svg
                aria-hidden="true"
                class="svg-inline--fa fa-clock fa-w-16 sc-bZQynM bOrPFB"
                data-icon="clock"
                data-prefix="fas"
                focusable="false"
                role="img"
                viewBox="0 0 512 512"
                xmlns="http://www.w3.org/2000/svg"
              >
                <path
                  d="M256 8C119 8 8 119 8 256s111 248 248 248 248-111 248-248S393 8 256 8zm57.1 350.1L224.9 294c-3.1-2.3-4.9-5.9-4.9-9.7V116c0-6.6 5.4-12 12-12h48c6.6 0 12 5.4 12 12v137.7l63.5 46.2c5.4 3.9 6.5 11.4 2.6 16.8l-28.2 38.8c-3.9 5.3-11.4 6.5-16.8 2.6z"
                  fill="currentColor"
                />
              </svg>
               Occurred at:
               
              01/19/1970 08:19 am
            </span>
            <span
              class="sc-ifAKCX iYgfXy"
            >
              <svg
                aria-hidden="true"
                class="svg-inline--fa fa-clock fa-w-16 sc-bZQynM bOrPFB"
                data-icon="clock"
                data-prefix="fas"
                focusable="false"
                role="img"
                viewBox="0 0 512 512"
                xmlns="http://www.w3.org/2000/svg"
              >
                <path
                  d="M256 8C119 8 8 119 8 256s111 248 248 248 248-111 248-248S393 8 256 8zm57.1 350.1L224.9 294c-3.1-2.3-4.9-5.9-4.9-9.7V116c0-6.6 5.4-12 12-12h48c6.6 0 12 5.4 12 12v137.7l63.5 46.2c5.4 3.9 6.5 11.4 2.6 16.8l-28.2 38.8c-3.9 5.3-11.4 6.5-16.8 2.6z"
                  fill="currentColor"
                />
              </svg>
               Updated at:
               
              01/19/1970 09:49 am
            </span>
          </div>
        </div>
      </div>
    </div>
  </body>,
  "container": <div>
    <div
      class="sc-gzVnrw ibZhkv"
    >
      <div
        class="sc-bwzfXH lllKwU"
      >
        <img
          class="sc-bxivhb cjcVPO sc-bdVaJa UoSJW"
          src="https://files.bikeindex.org/uploads/Pu/153579/small_WhatsApp_Image_2019-04-25_at_14.01.49.jpeg"
        />
        <div
          class="sc-htpNat RXLuA"
        >
          <span
            class="sc-ifAKCX hLRNDM"
            size="15"
          >
            Stolen 2016 Cube Analog(blue)
          </span>
          <span
            class="sc-ifAKCX iYgfXy"
          >
            There were the 2 bikes I owned parked adjacent to each other and with 1 cable lock I locked the 2 bikes together and with another cable lock I locked the bike ,which was stolen, to the bike parking station bar in the courtyard of my apartment. I came back home at about 12:30 pm on 25.04.2019 and checked the bikes and found out the incident. The thief(s) cut off the cable locks and took only 1 of the bikes and left the 2nd bike.
          </span>
          <span
            class="sc-ifAKCX iYgfXy"
          >
            <svg
              aria-hidden="true"
              class="svg-inline--fa fa-map-marked-alt fa-w-18 sc-bZQynM bOrPFB"
              data-icon="map-marked-alt"
              data-prefix="fas"
              focusable="false"
              role="img"
              viewBox="0 0 576 512"
              xmlns="http://www.w3.org/2000/svg"
            >
              <path
                d="M288 0c-69.59 0-126 56.41-126 126 0 56.26 82.35 158.8 113.9 196.02 6.39 7.54 17.82 7.54 24.2 0C331.65 284.8 414 182.26 414 126 414 56.41 357.59 0 288 0zm0 168c-23.2 0-42-18.8-42-42s18.8-42 42-42 42 18.8 42 42-18.8 42-42 42zM20.12 215.95A32.006 32.006 0 0 0 0 245.66v250.32c0 11.32 11.43 19.06 21.94 14.86L160 448V214.92c-8.84-15.98-16.07-31.54-21.25-46.42L20.12 215.95zM288 359.67c-14.07 0-27.38-6.18-36.51-16.96-19.66-23.2-40.57-49.62-59.49-76.72v182l192 64V266c-18.92 27.09-39.82 53.52-59.49 76.72-9.13 10.77-22.44 16.95-36.51 16.95zm266.06-198.51L416 224v288l139.88-55.95A31.996 31.996 0 0 0 576 426.34V176.02c0-11.32-11.43-19.06-21.94-14.86z"
                fill="currentColor"
              />
            </svg>
             Address: 
            Berlin, 10827, DE
          </span>
          <span
            class="sc-ifAKCX iYgfXy"
          >
            <svg
              aria-hidden="true"
              class="svg-inline--fa fa-clock fa-w-16 sc-bZQynM bOrPFB"
              data-icon="clock"
              data-prefix="fas"
              focusable="false"
              role="img"
              viewBox="0 0 512 512"
              xmlns="http://www.w3.org/2000/svg"
            >
              <path
                d="M256 8C119 8 8 119 8 256s111 248 248 248 248-111 248-248S393 8 256 8zm57.1 350.1L224.9 294c-3.1-2.3-4.9-5.9-4.9-9.7V116c0-6.6 5.4-12 12-12h48c6.6 0 12 5.4 12 12v137.7l63.5 46.2c5.4 3.9 6.5 11.4 2.6 16.8l-28.2 38.8c-3.9 5.3-11.4 6.5-16.8 2.6z"
                fill="currentColor"
              />
            </svg>
             Occurred at:
             
            01/19/1970 08:19 am
          </span>
          <span
            class="sc-ifAKCX iYgfXy"
          >
            <svg
              aria-hidden="true"
              class="svg-inline--fa fa-clock fa-w-16 sc-bZQynM bOrPFB"
              data-icon="clock"
              data-prefix="fas"
              focusable="false"
              role="img"
              viewBox="0 0 512 512"
              xmlns="http://www.w3.org/2000/svg"
            >
              <path
                d="M256 8C119 8 8 119 8 256s111 248 248 248 248-111 248-248S393 8 256 8zm57.1 350.1L224.9 294c-3.1-2.3-4.9-5.9-4.9-9.7V116c0-6.6 5.4-12 12-12h48c6.6 0 12 5.4 12 12v137.7l63.5 46.2c5.4 3.9 6.5 11.4 2.6 16.8l-28.2 38.8c-3.9 5.3-11.4 6.5-16.8 2.6z"
                fill="currentColor"
              />
            </svg>
             Updated at:
             
            01/19/1970 09:49 am
          </span>
        </div>
      </div>
    </div>
  </div>,
  "debug": [Function],
  "findAllByAltText": [Function],
  "findAllByDisplayValue": [Function],
  "findAllByLabelText": [Function],
  "findAllByPlaceholderText": [Function],
  "findAllByRole": [Function],
  "findAllByTestId": [Function],
  "findAllByText": [Function],
  "findAllByTitle": [Function],
  "findByAltText": [Function],
  "findByDisplayValue": [Function],
  "findByLabelText": [Function],
  "findByPlaceholderText": [Function],
  "findByRole": [Function],
  "findByTestId": [Function],
  "findByText": [Function],
  "findByTitle": [Function],
  "getAllByAltText": [Function],
  "getAllByDisplayValue": [Function],
  "getAllByLabelText": [Function],
  "getAllByPlaceholderText": [Function],
  "getAllByRole": [Function],
  "getAllByTestId": [Function],
  "getAllByText": [Function],
  "getAllByTitle": [Function],
  "getByAltText": [Function],
  "getByDisplayValue": [Function],
  "getByLabelText": [Function],
  "getByPlaceholderText": [Function],
  "getByRole": [Function],
  "getByTestId": [Function],
  "getByText": [Function],
  "getByTitle": [Function],
  "queryAllByAltText": [Function],
  "queryAllByDisplayValue": [Function],
  "queryAllByLabelText": [Function],
  "queryAllByPlaceholderText": [Function],
  "queryAllByRole": [Function],
  "queryAllByTestId": [Function],
  "queryAllByText": [Function],
  "queryAllByTitle": [Function],
  "queryByAltText": [Function],
  "queryByDisplayValue": [Function],
  "queryByLabelText": [Function],
  "queryByPlaceholderText": [Function],
  "queryByRole": [Function],
  "queryByTestId": [Function],
  "queryByText": [Function],
  "queryByTitle": [Function],
  "rerender": [Function],
  "unmount": [Function],
}
`;
