// Jest Snapshot v1, https://goo.gl/fbAQLP

exports[`Component Header: Must match snapshot: 1`] = `
<div
  className="sc-bdVaJa iLFGeg"
>
  <div
    className="sc-bwzfXH hhtDoX"
  >
    <img
      alt="logo"
      src="logo.png"
    />
  </div>
  <div>
    <h1>
      Police Department of Berlin
    </h1>
    <h2>
      Stolen bikes
    </h2>
  </div>
</div>
`;
