// Jest Snapshot v1, https://goo.gl/fbAQLP

exports[`Component Pagination: Must match snapshot: 1`] = `
<div
  className="sc-bdVaJa fpPwqq"
>
  <div
    className="sc-htpNat dEQUjC"
  >
    <button
      className="sc-bwzfXH gPFPEk"
      disabled={true}
      name="button-first"
      onClick={[Function]}
      type="button"
    >
      &lt;&lt; First
    </button>
    <button
      className="sc-bwzfXH gPFPEk"
      disabled={true}
      name="button-prev"
      onClick={[Function]}
      type="button"
    >
      &lt; Prev
    </button>
  </div>
  <div
    className="sc-htpNat dEQUjC"
  >
    <button
      className="sc-bwzfXH gPFPEk"
      disabled={true}
      onClick={[Function]}
      type="button"
    >
      1
    </button>
  </div>
  <div
    className="sc-htpNat dEQUjC"
  >
    <button
      className="sc-bwzfXH gPFPEk"
      disabled={true}
      name="button-next"
      onClick={[Function]}
      type="button"
    >
      Next &gt;
    </button>
    <button
      className="sc-bwzfXH gPFPEk"
      disabled={true}
      name="button-last"
      onClick={[Function]}
      type="button"
    >
      Last &gt;&gt;
    </button>
  </div>
</div>
`;
