// Jest Snapshot v1, https://goo.gl/fbAQLP

exports[`<Counter /> should matches the snapshot 1`] = `
<Counter>
  <styled.div
    className="c-counter"
  >
    <StyledComponent
      className="c-counter"
      forwardedComponent={
        Object {
          "$$typeof": Symbol(react.forward_ref),
          "attrs": Array [],
          "componentStyle": ComponentStyle {
            "componentId": "sc-bdVaJa",
            "isStatic": true,
            "lastClassName": "hLdDDc",
            "rules": Array [
              "
    font-weight: bold;
    text-align: right;
    margin-bottom: 20px;
",
            ],
          },
          "displayName": "styled.div",
          "foldedComponentIds": Array [],
          "render": [Function],
          "styledComponentId": "sc-bdVaJa",
          "target": "div",
          "toString": [Function],
          "warnTooManyClasses": [Function],
          "withComponent": [Function],
        }
      }
      forwardedRef={null}
    >
      <div
        className="c-counter sc-bdVaJa hLdDDc"
      >
        Total: 
        0
      </div>
    </StyledComponent>
  </styled.div>
</Counter>
`;
