// Jest Snapshot v1, https://goo.gl/fbAQLP

exports[`Component IncidentList: Must match snapshot -- with some incidents: 1`] = `
<div>
  <div
    className="sc-bdVaJa clxIpz"
  >
    total: 2
  </div>
  <div
    className="sc-bwzfXH gHczxP"
  >
    IncidentCard
  </div>
  <div
    className="sc-bwzfXH gHczxP"
  >
    IncidentCard
  </div>
  Pagination
</div>
`;

exports[`Component IncidentList: Must match snapshot -- without incidents: 1`] = `
<div>
  <p>
    No results
  </p>
</div>
`;
