// Jest Snapshot v1, https://goo.gl/fbAQLP

exports[`PaginationLast should not render the component for pageNumber = totalPages 1`] = `""`;

exports[`PaginationLast should not render the component for totalPages = 1 1`] = `""`;

exports[`PaginationLast should render the component for totalPages > 1 & pageNumber < totalPages 1`] = `
<div
  className="PaginationLast"
>
  <div
    className="PaginationLast__container"
  >
    <PaginationTab
      className="PaginationLastTab"
      currentPageNumber={3}
      onPageNumberChange={[Function]}
      pageNumber={2}
    />
  </div>
</div>
`;
