// Jest Snapshot v1, https://goo.gl/fbAQLP

exports[`FilterDateRange should render the component correctly 1`] = `
<div
  className="FilterDateRange MyFilterClassname"
>
  <InputDateWrapper
    className="FilterDateRange MyFilterClassname FilterDateRange__myPropertyNameFrom MyFilterClassname__myPropertyNameFrom"
    label="MyFilterInputLabel From"
    name="myPropertyNameFrom"
    onBlur={[Function]}
    onChange={[Function]}
    placeholder="My Filter Input Placeholder From"
    type="date"
    value={1543309200}
  />
  <InputDateWrapper
    className="FilterDateRange MyFilterClassname FilterDateRange__myPropertyNameTo MyFilterClassname__myPropertyNameTo"
    label="MyFilterInputLabel To"
    name="myPropertyNameTo"
    onBlur={[Function]}
    onChange={[Function]}
    placeholder="My Filter Input Placeholder To"
    type="date"
    value={1553309200}
  />
</div>
`;
