// Jest Snapshot v1, https://goo.gl/fbAQLP

exports[`renders without crashing 1`] = `
<styled.div>
  <BrowserRouter>
    <div>
      <Header />
      <styled.div>
        <Route
          component={[Function]}
          exact={true}
          path="/"
        />
        <Route
          component={[Function]}
          path="/incident/:id"
        />
      </styled.div>
    </div>
  </BrowserRouter>
</styled.div>
`;
