// Jest Snapshot v1, https://goo.gl/fbAQLP

exports[`FilterText should render the component correctly 1`] = `
<div
  className="FilterText MyFilterClassname"
>
  <InputTextWrapper
    className="FilterText MyFilterClassname FilterText__myFilterInputName MyFilterClassname__myFilterInputName"
    label="MyFilterInputLAbel"
    name="myFilterInputName"
    onBlur={[Function]}
    onChange={[Function]}
    placeholder="My Filter Input Placeholder"
    type="text"
    value="MyFilterValue"
  />
</div>
`;
