// Jest Snapshot v1, https://goo.gl/fbAQLP

exports[`Component SearchPanel: Must match snapshot: 1`] = `
<div
  className="sc-htpNat kbhOdm"
>
  <div
    className="sc-bdVaJa hUHDVF"
    onSubmit={[Function]}
  >
    <input
      className="sc-bwzfXH jgHJGE"
      maxLength={30}
      name="query"
      onChange={[Function]}
      placeholder="Search case descriptions"
      type="text"
    />
    <div
      className="sc-htpNat kbhOdm"
    >
      <div
        className="sc-bxivhb loeuYe"
      >
        <div>
          From
        </div>
        <input
          name="dateFrom"
          onChange={[Function]}
          placeholder="from"
          type="date"
        />
      </div>
      <div
        className="sc-bxivhb loeuYe"
      >
        <div>
          To
        </div>
        <input
          name="dateTo"
          onChange={[Function]}
          placeholder="to"
          type="date"
        />
      </div>
    </div>
    <button
      className="sc-ifAKCX jXExSD"
      disabled={false}
      onClick={[Function]}
      type="submit"
    >
      Find cases
    </button>
  </div>
</div>
`;
